[2024-05-17 14:32:32] [info] Start Program:
Path:"C:\Programare orientata obiect\Pregatire Simulare\cutremur\x64\Debug\cutremur.exe"
Arguments:
Working directory: "C:\Programare orientata obiect\Pregatire Simulare\cutremur\cutremur\"
Modules: Selected: C:\Programare orientata obiect\Pregatire Simulare\cutremur\x64\Debug\cutremur.exe Excluded: 
Sources: Selected: C:\Programare orientata obiect\Pregatire Simulare\cutremur\cutremur Excluded: 
Log Level: Normal
Cover Children: 0
Aggregate by file: 1
Continue after C++ exception: 0
Optimized build support: 0
Export: Binary C:\Users\magui\AppData\Local\Temp\txlf2vjc.whs 
Input coverage: 
Unified diff: 
Excluded line regular expressions: 
Substitute pdb source paths: 

[2024-05-17 14:32:32] [info] Module: C:\Programare orientata obiect\Pregatire Simulare\cutremur\x64\Debug\cutremur.exe is selected because it matches selected pattern: C:\Programare orientata obiect\Pregatire Simulare\cutremur\x64\Debug\cutremur.exe
[2024-05-17 14:32:35] [info] ----------------------------------------------------
[2024-05-17 14:32:35] [info] Coverage binary generated in file: C:\Users\magui\AppData\Local\Temp\txlf2vjc.whs
[2024-05-17 14:32:35] [info] ----------------------------------------------------
