c:\programare orientata obiect\pregatire simulare\cutremur\cutremur\x64\debug\vc143.pdb
c:\programare orientata obiect\pregatire simulare\cutremur\cutremur\x64\debug\vc143.idb
c:\programare orientata obiect\pregatire simulare\cutremur\cutremur\x64\debug\qrc_cutremur.obj
c:\programare orientata obiect\pregatire simulare\cutremur\cutremur\x64\debug\main.obj
c:\programare orientata obiect\pregatire simulare\cutremur\cutremur\x64\debug\gui.obj
c:\programare orientata obiect\pregatire simulare\cutremur\cutremur\x64\debug\teste.obj
c:\programare orientata obiect\pregatire simulare\cutremur\cutremur\x64\debug\service.obj
c:\programare orientata obiect\pregatire simulare\cutremur\cutremur\x64\debug\validator.obj
c:\programare orientata obiect\pregatire simulare\cutremur\cutremur\x64\debug\repo.obj
c:\programare orientata obiect\pregatire simulare\cutremur\cutremur\x64\debug\cutremur.obj
c:\programare orientata obiect\pregatire simulare\cutremur\cutremur\x64\debug\moc_cutremur.obj
c:\programare orientata obiect\pregatire simulare\cutremur\cutremur\x64\debug\uic\ui_cutremur.h
c:\programare orientata obiect\pregatire simulare\cutremur\cutremur\x64\debug\rcc\qrc_cutremur.cpp
c:\programare orientata obiect\pregatire simulare\cutremur\cutremur\x64\debug\moc\moc_cutremur.cpp
c:\programare orientata obiect\pregatire simulare\cutremur\cutremur\x64\debug\cutremur.tlog\cl.command.1.tlog
c:\programare orientata obiect\pregatire simulare\cutremur\cutremur\x64\debug\cutremur.tlog\cl.read.1.tlog
c:\programare orientata obiect\pregatire simulare\cutremur\cutremur\x64\debug\cutremur.tlog\cl.write.1.tlog
c:\programare orientata obiect\pregatire simulare\cutremur\cutremur\x64\debug\cutremur.tlog\cutremur.write.1u.tlog
c:\programare orientata obiect\pregatire simulare\cutremur\cutremur\x64\debug\cutremur.tlog\link.command.1.tlog
c:\programare orientata obiect\pregatire simulare\cutremur\cutremur\x64\debug\cutremur.tlog\link.read.1.tlog
c:\programare orientata obiect\pregatire simulare\cutremur\cutremur\x64\debug\cutremur.tlog\link.write.1.tlog
c:\programare orientata obiect\pregatire simulare\cutremur\cutremur\x64\debug\cutremur.tlog\moc.read.1u.tlog
c:\programare orientata obiect\pregatire simulare\cutremur\cutremur\x64\debug\cutremur.tlog\moc.write.1u.tlog
c:\programare orientata obiect\pregatire simulare\cutremur\cutremur\x64\debug\cutremur.tlog\rcc.read.1u.tlog
c:\programare orientata obiect\pregatire simulare\cutremur\cutremur\x64\debug\cutremur.tlog\rcc.write.1u.tlog
c:\programare orientata obiect\pregatire simulare\cutremur\cutremur\x64\debug\cutremur.tlog\uic.read.1u.tlog
c:\programare orientata obiect\pregatire simulare\cutremur\cutremur\x64\debug\cutremur.tlog\uic.write.1u.tlog
