[2024-05-20 22:20:51] [info] Start Program:
Path:"C:\Programare orientata obiect\Pregatire Simulare\Simulare 217\x64\Debug\Simulare 217.exe"
Arguments:
Working directory: "C:\Programare orientata obiect\Pregatire Simulare\Simulare 217\Simulare 217\"
Modules: Selected: C:\Programare orientata obiect\Pregatire Simulare\Simulare 217\x64\Debug\Simulare 217.exe Excluded: 
Sources: Selected: C:\Programare orientata obiect\Pregatire Simulare\Simulare 217\Simulare 217 Excluded: 
Log Level: Normal
Cover Children: 0
Aggregate by file: 1
Continue after C++ exception: 0
Optimized build support: 0
Export: Binary C:\Users\magui\AppData\Local\Temp\orohkeh2.s3p 
Input coverage: 
Unified diff: 
Excluded line regular expressions: 
Substitute pdb source paths: 

[2024-05-20 22:20:51] [info] Module: C:\Programare orientata obiect\Pregatire Simulare\Simulare 217\x64\Debug\Simulare 217.exe is selected because it matches selected pattern: C:\Programare orientata obiect\Pregatire Simulare\Simulare 217\x64\Debug\Simulare 217.exe
[2024-05-20 22:20:53] [info] ----------------------------------------------------
[2024-05-20 22:20:53] [info] Coverage binary generated in file: C:\Users\magui\AppData\Local\Temp\orohkeh2.s3p
[2024-05-20 22:20:53] [info] ----------------------------------------------------
