c:\programare orientata obiect\pregatire simulare\simulare 216\simulare 216\x64\debug\vc143.pdb
c:\programare orientata obiect\pregatire simulare\simulare 216\simulare 216\x64\debug\vc143.idb
c:\programare orientata obiect\pregatire simulare\simulare 216\simulare 216\x64\debug\qrc_simulare216.obj
c:\programare orientata obiect\pregatire simulare\simulare 216\simulare 216\x64\debug\gui.obj
c:\programare orientata obiect\pregatire simulare\simulare 216\simulare 216\x64\debug\teste.obj
c:\programare orientata obiect\pregatire simulare\simulare 216\simulare 216\x64\debug\simulare216.obj
c:\programare orientata obiect\pregatire simulare\simulare 216\simulare 216\x64\debug\service.obj
c:\programare orientata obiect\pregatire simulare\simulare 216\simulare 216\x64\debug\repo.obj
c:\programare orientata obiect\pregatire simulare\simulare 216\simulare 216\x64\debug\main.obj
c:\programare orientata obiect\pregatire simulare\simulare 216\simulare 216\x64\debug\moc_simulare216.obj
c:\programare orientata obiect\pregatire simulare\simulare 216\x64\debug\simulare 216.exe
c:\programare orientata obiect\pregatire simulare\simulare 216\simulare 216\x64\debug\simulare 216.ilk
c:\programare orientata obiect\pregatire simulare\simulare 216\x64\debug\simulare 216.pdb
c:\programare orientata obiect\pregatire simulare\simulare 216\simulare 216\x64\debug\moc\moc_simulare216.cpp
c:\programare orientata obiect\pregatire simulare\simulare 216\simulare 216\x64\debug\rcc\qrc_simulare216.cpp
c:\programare orientata obiect\pregatire simulare\simulare 216\simulare 216\x64\debug\uic\ui_simulare216.h
c:\programare orientata obiect\pregatire simulare\simulare 216\simulare 216\x64\debug\repo.obj.enc
c:\programare orientata obiect\pregatire simulare\simulare 216\simulare 216\x64\debug\simulare 216.tlog\cl.command.1.tlog
c:\programare orientata obiect\pregatire simulare\simulare 216\simulare 216\x64\debug\simulare 216.tlog\cl.items.tlog
c:\programare orientata obiect\pregatire simulare\simulare 216\simulare 216\x64\debug\simulare 216.tlog\cl.read.1.tlog
c:\programare orientata obiect\pregatire simulare\simulare 216\simulare 216\x64\debug\simulare 216.tlog\cl.write.1.tlog
c:\programare orientata obiect\pregatire simulare\simulare 216\simulare 216\x64\debug\simulare 216.tlog\link.command.1.tlog
c:\programare orientata obiect\pregatire simulare\simulare 216\simulare 216\x64\debug\simulare 216.tlog\link.read.1.tlog
c:\programare orientata obiect\pregatire simulare\simulare 216\simulare 216\x64\debug\simulare 216.tlog\link.write.1.tlog
c:\programare orientata obiect\pregatire simulare\simulare 216\simulare 216\x64\debug\simulare 216.tlog\moc.read.1u.tlog
c:\programare orientata obiect\pregatire simulare\simulare 216\simulare 216\x64\debug\simulare 216.tlog\moc.write.1u.tlog
c:\programare orientata obiect\pregatire simulare\simulare 216\simulare 216\x64\debug\simulare 216.tlog\rcc.read.1u.tlog
c:\programare orientata obiect\pregatire simulare\simulare 216\simulare 216\x64\debug\simulare 216.tlog\rcc.write.1u.tlog
c:\programare orientata obiect\pregatire simulare\simulare 216\simulare 216\x64\debug\simulare 216.tlog\simulare 216.write.1u.tlog
c:\programare orientata obiect\pregatire simulare\simulare 216\simulare 216\x64\debug\simulare 216.tlog\uic.read.1u.tlog
c:\programare orientata obiect\pregatire simulare\simulare 216\simulare 216\x64\debug\simulare 216.tlog\uic.write.1u.tlog
