[2024-05-19 10:49:12] [info] Start Program:
Path:"C:\Programare orientata obiect\Pregatire Simulare\Elevi\x64\Debug\Elevi.exe"
Arguments:
Working directory: "C:\Programare orientata obiect\Pregatire Simulare\Elevi\Elevi\"
Modules: Selected: C:\Programare orientata obiect\Pregatire Simulare\Elevi\x64\Debug\Elevi.exe Excluded: 
Sources: Selected: C:\Programare orientata obiect\Pregatire Simulare\Elevi\Elevi Excluded: 
Log Level: Normal
Cover Children: 0
Aggregate by file: 1
Continue after C++ exception: 0
Optimized build support: 0
Export: Binary C:\Users\magui\AppData\Local\Temp\3xpdv5mi.nyv 
Input coverage: 
Unified diff: 
Excluded line regular expressions: 
Substitute pdb source paths: 

[2024-05-19 10:49:12] [info] Module: C:\Programare orientata obiect\Pregatire Simulare\Elevi\x64\Debug\Elevi.exe is selected because it matches selected pattern: C:\Programare orientata obiect\Pregatire Simulare\Elevi\x64\Debug\Elevi.exe
[2024-05-19 10:49:14] [info] ----------------------------------------------------
[2024-05-19 10:49:14] [info] Coverage binary generated in file: C:\Users\magui\AppData\Local\Temp\3xpdv5mi.nyv
[2024-05-19 10:49:14] [info] ----------------------------------------------------
